// Jest Snapshot v1, https://goo.gl/fbAQLP

exports[`typeDefs should match a snapshot 1`] = `
"
type Response {
  code: Int!
  message: String
}

type Page {
  id: Int!
  layout: String!
  blocks: [Block]
}

type Block {
  id: Int!
  path: String!
  zone: String!,
  order: Int!,
}

# the schema allows the following query:
type Query {
  sample: Response
  getRouteInfo(path: String!): Page
}

schema {
  query: Query
}
"
`;
