// Jest Snapshot v1, https://goo.gl/fbAQLP

exports[`Hello World Web should render the Hello World component for web 1`] = `
<h1
  style={
    Object {
      "alignItems": "center",
      "flex": 1,
      "justifyContent": "center",
      "marginTop": 16,
      "paddingTop": 32,
      "textAlign": "center",
    }
  }
>
  Hello World
</h1>
`;
