// Jest Snapshot v1, https://goo.gl/fbAQLP

exports[`Vertical Native Layout should render Vertical layout component 1`] = `
<View>
  <View>
    <Text
      accessible={true}
      allowFontScaling={true}
      ellipsizeMode="tail"
    >
      Native Vertical Layout
    </Text>
  </View>
  <View
    style={
      Object {
        "alignItems": "center",
        "flexDirection": "column",
        "height": "50%",
      }
    }
  >
    <View
      testId="mainZone"
    >
      <Apollo(withState(withHandlers(Counter)))
        Component={[Function]}
        id={1}
        path="Counter"
      />
    </View>
    <View>
      <HelloWorld
        Component={[Function]}
        id={2}
        path="HelloWorld"
      />
    </View>
  </View>
</View>
`;
